
R version 3.3.2 (2016-10-31) -- "Sincere Pumpkin Patch"
Copyright (C) 2016 The R Foundation for Statistical Computing
Platform: x86_64-apple-darwin13.4.0 (64-bit)

R is free software and comes with ABSOLUTELY NO WARRANTY.
You are welcome to redistribute it under certain conditions.
Type 'license()' or 'licence()' for distribution details.

  Natural language support but running in an English locale

R is a collaborative project with many contributors.
Type 'contributors()' for more information and
'citation()' on how to cite R or R packages in publications.

Type 'demo()' for some demos, 'help()' for on-line help, or
'help.start()' for an HTML browser interface to help.
Type 'q()' to quit R.

> args = commandArgs(trailingOnly = TRUE)
> fname = args[1]
> 
> data = read.table(fname)
> 
> rhs = function(V1,t,k){
+    ((t*V1)/(k+V1))
+ }
> 
> fit = nls(V2 ~ rhs(V1,t,k), data, start=list(t=0.8, k=0.000001), control=nls.control(maxiter=1000))
> summary(fit)

Formula: V2 ~ rhs(V1, t, k)

Parameters:
   Estimate Std. Error t value Pr(>|t|)    
t 3.545e+00  3.636e-01   9.749 0.000193 ***
k 1.657e-05  2.474e-06   6.698 0.001122 ** 
---
Signif. codes:  0 ‘***’ 0.001 ‘**’ 0.01 ‘*’ 0.05 ‘.’ 0.1 ‘ ’ 1

Residual standard error: 0.0272 on 5 degrees of freedom

Number of iterations to convergence: 7 
Achieved convergence tolerance: 6.208e-07

> 
> coef(summary(fit))
      Estimate   Std. Error  t value     Pr(>|t|)
t 3.545160e+00 3.636378e-01 9.749150 0.0001930717
k 1.657208e-05 2.474172e-06 6.698032 0.0011221923
> 
> 
